[Header],,,,,,,,,,,
IEMFileVersion,4,,,,,,,,,,
Experiment Name,Hiseq-2500-dual-index,,,,,,,,,,
Date,7/26/2017,,,,,,,,,,
Workflow,Resequencing,,,,,,,,,,
Application,Human Genome Resequencing,,,,,,,,,,
Assay,TruSeq HT,,,,,,,,,,
Description,,,,,,,,,,,
Chemistry,Amplicon,,,,,,,,,,
,,,,,,,,,,,
[Reads],,,,,,,,,,,
126,,,,,,,,,,,
126,,,,,,,,,,,
,,,,,,,,,,,
[Settings],,,,,,,,,,,
FlagPCRDuplicates,1,,,,,,,,,,
Adapter,,,,,,,,,,,
AdapterRead2,,,,,,,,,,,
,,,,,,,,,,,
[Data],,,,,,,,,,,
1,Sample_oo-1,oo-1,,,,CTGAAGCT,,,OO-1234,LIBRARY_NAME:SX899_Pool9.v1,C:\Test
1,Sample_oo-2,oo-2,,,,TAATGCGC,,,OO-1234,LIBRARY_NAME:SX899_Pool9.v1,C:\Test
1,Sample_oo-3,oo-3,,,,CGGCTATG,,,OO-1234,LIBRARY_NAME:SX899_Pool9.v1,C:\Test
1,Sample_oo-4,oo-4,,,,TCCGCGAA,,,OO-1234,LIBRARY_NAME:SX899_Pool9.v1,C:\Test
1,Sample_oo-5,oo-5,,,,TCTCGCGC,,,OO-1234,LIBRARY_NAME:SX899_Pool9.v1,C:\Test
1,Sample_oo-6,oo-6,,,,AGCGATAG,,,OO-1234,LIBRARY_NAME:SX899_Pool9.v1,C:\Test
2,Sample_oo-7,oo-7,,,,GAGATTCC,,ATAGAGGC,OO-1234,LIBRARY_NAME:SX899_Pool11.v1,C:\Test
2,Sample_oo-8,oo-8,,,,ATTCAGAA,,ATAGAGGC,OO-1234,LIBRARY_NAME:SX899_Pool11.v1,C:\Test
2,Sample_oo-9,oo-9,,,,GAATTCGT,,ATAGAGGC,OO-1234,LIBRARY_NAME:SX899_Pool11.v1,C:\Test
2,Sample_oo-10,oo-10,,,,CGCTCATT,,ATAGAGGC,OO-1234,LIBRARY_NAME:SX899_Pool11.v1,C:\Test
2,Sample_oo-11,oo-11,,,,TCTCGCGC,,ATAGAGGC,OO-1234,LIBRARY_NAME:SX899_Pool11.v1,C:\Test
2,Sample_oo-12,oo-12,,,,AGCGATAG,,ATAGAGGC,OO-1234,LIBRARY_NAME:SX899_Pool11.v1,C:\Test
3,Sample_op-13,op-13,,,,,,,OP-2345,LIBRARY_NAME:SX956_JG-Lib1.v1,C:\Test
4,Sample_op-14,op-14,,,,,,,OP-2345,LIBRARY_NAME:SX956_JG-Lib2.v1,C:\Test
5,Sample_op-15,op-15,,,,,,,OP-2345,LIBRARY_NAME:SX956_DH-Lib3B.v1,C:\Test
6,Sample_pp-16,pp-16,,,,,,,PP-3456,LIBRARY_NAME:SX976_Pool1.v1,C:\Test
7,Sample_pq-17,pq-17,,,,CGATGT,,,PQ-4567,LIBRARY_NAME:SX983_Pool1.v1,C:\Test
7,Sample_pq-18,pq-18,,,,TGACCA,,,PQ-4567,LIBRARY_NAME:SX983_Pool1.v1,C:\Test
7,Sample_pq-19,pq-19,,,,ACAGTG,,,PQ-4567,LIBRARY_NAME:SX983_Pool1.v1,C:\Test
7,Sample_pq-20,pq-20,,,,GCCAAT,,,PQ-4567,LIBRARY_NAME:SX983_Pool1.v1,C:\Test
7,Sample_pq-21,pq-21,,,,CAGATC,,,PQ-4567,LIBRARY_NAME:SX983_Pool1.v1,C:\Test
7,Sample_pq-22,pq-22,,,,CTTGTA,,,PQ-4567,LIBRARY_NAME:SX983_Pool1.v1,C:\Test
7,Sample_pq-23,pq-23,,,,AGTCAA,,,PQ-4567,LIBRARY_NAME:SX983_Pool1.v1,C:\Test
7,Sample_pq-24,pq-24,,,,AGTTCC,,,PQ-4567,LIBRARY_NAME:SX983_Pool1.v1,C:\Test
7,Sample_pq-25,pq-25,,,,ATGTCA,,,PQ-4567,LIBRARY_NAME:SX983_Pool1.v1,C:\Test
7,Sample_pq-26,pq-26,,,,CCGTCC,,,PQ-4567,LIBRARY_NAME:SX983_Pool1.v1,C:\Test
7,Sample_pq-27,pq-27,,,,GTCCGC,,,PQ-4567,LIBRARY_NAME:SX983_Pool1.v1,C:\Test
7,Sample_pq-28,pq-28,,,,GTGAAA,,,PQ-4567,LIBRARY_NAME:SX983_Pool1.v1,C:\Test
8,Sample_pq-29,pq-29,,,,AAGGGA,,,PQ-4567,LIBRARY_NAME:SX983_Pool2.v1,C:\Test
8,Sample_pq-30,pq-30,,,,GGACCC,,,PQ-4567,LIBRARY_NAME:SX983_Pool2.v1,C:\Test
8,Sample_pq-31,pq-31,,,,AAGACG,,,PQ-4567,LIBRARY_NAME:SX983_Pool2.v1,C:\Test
8,Sample_pq-32,pq-32,,,,GGATGT,,,PQ-4567,LIBRARY_NAME:SX983_Pool2.v1,C:\Test
